#-----------------------------------------------------------
# Vivado v2019.1 (64-bit)
# SW Build 2552052 on Fri May 24 14:49:42 MDT 2019
# IP Build 2548770 on Fri May 24 18:01:18 MDT 2019
# Start of session at: Sat Aug  1 12:13:22 2020
# Process ID: 2256
# Current directory: D:/xilinx/cmar/sea/Lab_10
# Command line: vivado.exe -gui_launcher_event rodinguilauncherevent8188 D:\xilinx\cmar\sea\Lab_10\Lab_10.xpr
# Log file: D:/xilinx/cmar/sea/Lab_10/vivado.log
# Journal file: D:/xilinx/cmar/sea/Lab_10\vivado.jou
#-----------------------------------------------------------
start_gui
open_project D:/xilinx/cmar/sea/Lab_10/Lab_10.xpr
update_compile_order -fileset sources_1
export_ip_user_files -of_objects  [get_files {{D:/xilinx/cmar/sea/Matlab/100 100/SEU_Picture_B_Rom.coe}}] -no_script -reset -force -quiet
remove_files  {{D:/xilinx/cmar/sea/Matlab/100 100/SEU_Picture_B_Rom.coe}}
export_ip_user_files -of_objects  [get_files {{D:/xilinx/cmar/sea/Matlab/100 100/SEU_Picture_G_Rom.coe}}] -no_script -reset -force -quiet
remove_files  {{D:/xilinx/cmar/sea/Matlab/100 100/SEU_Picture_G_Rom.coe}}
export_ip_user_files -of_objects  [get_files {{D:/xilinx/cmar/sea/Matlab/100 100/SEU_Picture_R_Rom.coe}}] -no_script -reset -force -quiet
remove_files  {{D:/xilinx/cmar/sea/Matlab/100 100/SEU_Picture_R_Rom.coe}}
set_property -dict [list CONFIG.Coe_File {D:/xilinx/cmar/sea/Matlab/100 100/SEU_Picture_R_Rom.coe}] [get_ips Picture_R_Rom]
set_property -dict [list CONFIG.Coe_File {D:/xilinx/cmar/sea/Matlab/100 100/SEU_Picture_G_Rom.coe}] [get_ips Picture_G_Rom]
set_property -dict [list CONFIG.Coe_File {D:/xilinx/cmar/sea/Matlab/100 100/SEU_Picture_B_Rom.coe}] [get_ips Picture_B_Rom]
reset_run synth_1
launch_runs synth_1 -jobs 4
wait_on_run synth_1
launch_runs impl_1 -jobs 4
wait_on_run impl_1
